current directory: C:/Users/kuniy/sugawara/git/wonderful_editor/vender/bundle/ruby/3.1.0/gems/puma-5.6.9/ext/puma_http11
C:/Ruby31-x64/bin/ruby.exe -I C:/Ruby31-x64/lib/ruby/3.1.0 extconf.rb
checking for whether -fstack-protector-strong -D_FORTIFY_SOURCE=2 is accepted as CFLAGS... yes
checking for whether -fstack-protector-strong -l:libssp.a is accepted as LDFLAGS... yes
checking for -lssp... yes
using OpenSSL pkgconfig (openssl.pc)
checking for openssl/bio.h... yes
checking for DTLS_method() in openssl/ssl.h... yes
checking for TLS_server_method() in openssl/ssl.h... yes
checking for SSL_CTX_set_min_proto_version(NULL, 0) in openssl/ssl.h... yes
checking for X509_STORE_up_ref()... yes
checking for SSL_CTX_set_ecdh_auto(NULL, 0) in openssl/ssl.h... yes
checking for SSL_CTX_set_dh_auto(NULL, 0) in openssl/ssl.h... yes
checking for SSL_get1_peer_certificate() in openssl/ssl.h... no
checking for Random.bytes... yes
creating Makefile

current directory: C:/Users/kuniy/sugawara/git/wonderful_editor/vender/bundle/ruby/3.1.0/gems/puma-5.6.9/ext/puma_http11
make DESTDIR\= sitearchdir\=./.gem.20261007-29284-xq9vrt sitelibdir\=./.gem.20261007-29284-xq9vrt clean

current directory: C:/Users/kuniy/sugawara/git/wonderful_editor/vender/bundle/ruby/3.1.0/gems/puma-5.6.9/ext/puma_http11
make DESTDIR\= sitearchdir\=./.gem.20261007-29284-xq9vrt sitelibdir\=./.gem.20261007-29284-xq9vrt
generating puma_http11-x64-mingw-ucrt.def
compiling http11_parser.c
compiling mini_ssl.c
compiling puma_http11.c
linking shared-object puma/puma_http11.so

current directory: C:/Users/kuniy/sugawara/git/wonderful_editor/vender/bundle/ruby/3.1.0/gems/puma-5.6.9/ext/puma_http11
make DESTDIR\= sitearchdir\=./.gem.20261007-29284-xq9vrt sitelibdir\=./.gem.20261007-29284-xq9vrt install
/usr/bin/install -c -m 0755 puma_http11.so ./.gem.20261007-29284-xq9vrt/puma
