block in append_cflags: checking for whether -fstack-protector-strong -D_FORTIFY_SOURCE=2 is accepted as CFLAGS... -------------------- yes

PATH=".;C:/Ruby31-x64/lib;C:\Ruby31-x64\bin;C:\Ruby31-x64\msys64\ucrt64\bin;C:\Ruby31-x64\msys64\usr\bin;C:\Program Files\Git\mingw64\bin;C:\Program Files\Git\usr\bin;C:\Users\kuniy\bin;C:\windows\system32;C:\windows;C:\windows\System32\Wbem;C:\windows\System32\WindowsPowerShell\v1.0;C:\windows\System32\OpenSSH;C:\Program Files\Git\cmd;%NVM_HOME%;%NVM_SYMLINK%;C:\Ruby31-x64\bin;C:\Users\kuniy\AppData\Local\Microsoft\WindowsApps;C:\Users\kuniy\AppData\Local\Programs\Microsoft VS Code\bin;C:\Users\kuniy\AppData\Local\Programs\cursor\resources\app\bin;C:\Users\kuniy\AppData\Local\nvm;C:\nvm4w\nodejs;C:\Users\kuniy\AppData\Local\Programs\DockerDesktop\resources\bin" "gcc -o conftest.exe -IC:/Ruby31-x64/include/ruby-3.1.0/x64-mingw-ucrt -IC:/Ruby31-x64/include/ruby-3.1.0/ruby/backward -IC:/Ruby31-x64/include/ruby-3.1.0 -I. -D__USE_MINGW_ANSI_STDIO=1 -DFD_SETSIZE=2048 -D_WIN32_WINNT=0x0600 -D__MINGW_USE_VC2005_COMPAT -D_FILE_OFFSET_BITS=64  -O3 -fno-fast-math -fstack-protector-strong conftest.c  -L. -LC:/Ruby31-x64/lib -L. -pipe -s -fstack-protector-strong -Wl,--no-as-needed  -m64   -lx64-ucrt-ruby310  -lshell32 -lws2_32 -liphlpapi -limagehlp -lshlwapi -lbcrypt  "
checked program was:
/* begin */
1: #include "ruby.h"
2: 
3: #include <winsock2.h>
4: #include <windows.h>
5: int main(int argc, char **argv)
6: {
7:   return !!argv[argc];
8: }
/* end */

PATH=".;C:/Ruby31-x64/lib;C:\Ruby31-x64\bin;C:\Ruby31-x64\msys64\ucrt64\bin;C:\Ruby31-x64\msys64\usr\bin;C:\Program Files\Git\mingw64\bin;C:\Program Files\Git\usr\bin;C:\Users\kuniy\bin;C:\windows\system32;C:\windows;C:\windows\System32\Wbem;C:\windows\System32\WindowsPowerShell\v1.0;C:\windows\System32\OpenSSH;C:\Program Files\Git\cmd;%NVM_HOME%;%NVM_SYMLINK%;C:\Ruby31-x64\bin;C:\Users\kuniy\AppData\Local\Microsoft\WindowsApps;C:\Users\kuniy\AppData\Local\Programs\Microsoft VS Code\bin;C:\Users\kuniy\AppData\Local\Programs\cursor\resources\app\bin;C:\Users\kuniy\AppData\Local\nvm;C:\nvm4w\nodejs;C:\Users\kuniy\AppData\Local\Programs\DockerDesktop\resources\bin" "gcc -IC:/Ruby31-x64/include/ruby-3.1.0/x64-mingw-ucrt -IC:/Ruby31-x64/include/ruby-3.1.0/ruby/backward -IC:/Ruby31-x64/include/ruby-3.1.0 -I. -D__USE_MINGW_ANSI_STDIO=1 -DFD_SETSIZE=2048 -D_WIN32_WINNT=0x0600 -D__MINGW_USE_VC2005_COMPAT -D_FILE_OFFSET_BITS=64  -O3 -fno-fast-math -fstack-protector-strong -m64 -fstack-protector-strong -D_FORTIFY_SOURCE=2 -Werror -c conftest.c"
checked program was:
/* begin */
1: #include "ruby.h"
2: 
3: #include <winsock2.h>
4: #include <windows.h>
5: int main(int argc, char **argv)
6: {
7:   return !!argv[argc];
8: }
/* end */

--------------------

block in append_ldflags: checking for whether -fstack-protector-strong -l:libssp.a is accepted as LDFLAGS... -------------------- yes

PATH=".;C:/Ruby31-x64/lib;C:\Ruby31-x64\bin;C:\Ruby31-x64\msys64\ucrt64\bin;C:\Ruby31-x64\msys64\usr\bin;C:\Program Files\Git\mingw64\bin;C:\Program Files\Git\usr\bin;C:\Users\kuniy\bin;C:\windows\system32;C:\windows;C:\windows\System32\Wbem;C:\windows\System32\WindowsPowerShell\v1.0;C:\windows\System32\OpenSSH;C:\Program Files\Git\cmd;%NVM_HOME%;%NVM_SYMLINK%;C:\Ruby31-x64\bin;C:\Users\kuniy\AppData\Local\Microsoft\WindowsApps;C:\Users\kuniy\AppData\Local\Programs\Microsoft VS Code\bin;C:\Users\kuniy\AppData\Local\Programs\cursor\resources\app\bin;C:\Users\kuniy\AppData\Local\nvm;C:\nvm4w\nodejs;C:\Users\kuniy\AppData\Local\Programs\DockerDesktop\resources\bin" "gcc -o conftest.exe -IC:/Ruby31-x64/include/ruby-3.1.0/x64-mingw-ucrt -IC:/Ruby31-x64/include/ruby-3.1.0/ruby/backward -IC:/Ruby31-x64/include/ruby-3.1.0 -I. -D__USE_MINGW_ANSI_STDIO=1 -DFD_SETSIZE=2048 -D_WIN32_WINNT=0x0600 -D__MINGW_USE_VC2005_COMPAT -D_FILE_OFFSET_BITS=64  -O3 -fno-fast-math -fstack-protector-strong -fstack-protector-strong -D_FORTIFY_SOURCE=2 conftest.c  -L. -LC:/Ruby31-x64/lib -L. -pipe -s -fstack-protector-strong -Wl,--no-as-needed  -m64   -lx64-ucrt-ruby310 -fstack-protector-strong -l:libssp.a -lshell32 -lws2_32 -liphlpapi -limagehlp -lshlwapi -lbcrypt  "
checked program was:
/* begin */
1: #include "ruby.h"
2: 
3: #include <winsock2.h>
4: #include <windows.h>
5: int main(int argc, char **argv)
6: {
7:   return !!argv[argc];
8: }
/* end */

--------------------

have_library: checking for -lssp... -------------------- yes

PATH=".;C:/Ruby31-x64/lib;C:\Ruby31-x64\bin;C:\Ruby31-x64\msys64\ucrt64\bin;C:\Ruby31-x64\msys64\usr\bin;C:\Program Files\Git\mingw64\bin;C:\Program Files\Git\usr\bin;C:\Users\kuniy\bin;C:\windows\system32;C:\windows;C:\windows\System32\Wbem;C:\windows\System32\WindowsPowerShell\v1.0;C:\windows\System32\OpenSSH;C:\Program Files\Git\cmd;%NVM_HOME%;%NVM_SYMLINK%;C:\Ruby31-x64\bin;C:\Users\kuniy\AppData\Local\Microsoft\WindowsApps;C:\Users\kuniy\AppData\Local\Programs\Microsoft VS Code\bin;C:\Users\kuniy\AppData\Local\Programs\cursor\resources\app\bin;C:\Users\kuniy\AppData\Local\nvm;C:\nvm4w\nodejs;C:\Users\kuniy\AppData\Local\Programs\DockerDesktop\resources\bin" "gcc -o conftest.exe -IC:/Ruby31-x64/include/ruby-3.1.0/x64-mingw-ucrt -IC:/Ruby31-x64/include/ruby-3.1.0/ruby/backward -IC:/Ruby31-x64/include/ruby-3.1.0 -I. -D__USE_MINGW_ANSI_STDIO=1 -DFD_SETSIZE=2048 -D_WIN32_WINNT=0x0600 -D__MINGW_USE_VC2005_COMPAT -D_FILE_OFFSET_BITS=64  -O3 -fno-fast-math -fstack-protector-strong -fstack-protector-strong -D_FORTIFY_SOURCE=2 conftest.c  -L. -LC:/Ruby31-x64/lib -L. -pipe -s -fstack-protector-strong -Wl,--no-as-needed -fstack-protector-strong -l:libssp.a  -m64   -lx64-ucrt-ruby310 -lssp  -lshell32 -lws2_32 -liphlpapi -limagehlp -lshlwapi -lbcrypt  "
checked program was:
/* begin */
 1: #include "ruby.h"
 2: 
 3: #include <winsock2.h>
 4: #include <windows.h>
 5: 
 6: /*top*/
 7: extern int t(void);
 8: int main(int argc, char **argv)
 9: {
10:   if (argc > 1000000) {
11:     int (* volatile tp)(void)=(int (*)(void))&t;
12:     printf("%d", (*tp)());
13:   }
14: 
15:   return !!argv[argc];
16: }
17: 
18: int t(void) { ; return 0; }
/* end */

--------------------

PATH=".;C:/Ruby31-x64/lib;C:\Ruby31-x64\bin;C:\Ruby31-x64\msys64\ucrt64\bin;C:\Ruby31-x64\msys64\usr\bin;C:\Program Files\Git\mingw64\bin;C:\Program Files\Git\usr\bin;C:\Users\kuniy\bin;C:\windows\system32;C:\windows;C:\windows\System32\Wbem;C:\windows\System32\WindowsPowerShell\v1.0;C:\windows\System32\OpenSSH;C:\Program Files\Git\cmd;%NVM_HOME%;%NVM_SYMLINK%;C:\Ruby31-x64\bin;C:\Users\kuniy\AppData\Local\Microsoft\WindowsApps;C:\Users\kuniy\AppData\Local\Programs\Microsoft VS Code\bin;C:\Users\kuniy\AppData\Local\Programs\cursor\resources\app\bin;C:\Users\kuniy\AppData\Local\nvm;C:\nvm4w\nodejs;C:\Users\kuniy\AppData\Local\Programs\DockerDesktop\resources\bin" x86_64-w64-mingw32-pkg-config --exists openssl
PATH=".;C:/Ruby31-x64/lib;C:\Ruby31-x64\bin;C:\Ruby31-x64\msys64\ucrt64\bin;C:\Ruby31-x64\msys64\usr\bin;C:\Program Files\Git\mingw64\bin;C:\Program Files\Git\usr\bin;C:\Users\kuniy\bin;C:\windows\system32;C:\windows;C:\windows\System32\Wbem;C:\windows\System32\WindowsPowerShell\v1.0;C:\windows\System32\OpenSSH;C:\Program Files\Git\cmd;%NVM_HOME%;%NVM_SYMLINK%;C:\Ruby31-x64\bin;C:\Users\kuniy\AppData\Local\Microsoft\WindowsApps;C:\Users\kuniy\AppData\Local\Programs\Microsoft VS Code\bin;C:\Users\kuniy\AppData\Local\Programs\cursor\resources\app\bin;C:\Users\kuniy\AppData\Local\nvm;C:\nvm4w\nodejs;C:\Users\kuniy\AppData\Local\Programs\DockerDesktop\resources\bin" x86_64-w64-mingw32-pkg-config --libs openssl |
=> "-LC:/Ruby31-x64/msys64/ucrt64/bin/../lib -lssl -lcrypto \n"
PATH=".;C:/Ruby31-x64/lib;C:\Ruby31-x64\bin;C:\Ruby31-x64\msys64\ucrt64\bin;C:\Ruby31-x64\msys64\usr\bin;C:\Program Files\Git\mingw64\bin;C:\Program Files\Git\usr\bin;C:\Users\kuniy\bin;C:\windows\system32;C:\windows;C:\windows\System32\Wbem;C:\windows\System32\WindowsPowerShell\v1.0;C:\windows\System32\OpenSSH;C:\Program Files\Git\cmd;%NVM_HOME%;%NVM_SYMLINK%;C:\Ruby31-x64\bin;C:\Users\kuniy\AppData\Local\Microsoft\WindowsApps;C:\Users\kuniy\AppData\Local\Programs\Microsoft VS Code\bin;C:\Users\kuniy\AppData\Local\Programs\cursor\resources\app\bin;C:\Users\kuniy\AppData\Local\nvm;C:\nvm4w\nodejs;C:\Users\kuniy\AppData\Local\Programs\DockerDesktop\resources\bin" "gcc -o conftest.exe -IC:/Ruby31-x64/include/ruby-3.1.0/x64-mingw-ucrt -IC:/Ruby31-x64/include/ruby-3.1.0/ruby/backward -IC:/Ruby31-x64/include/ruby-3.1.0 -I. -D__USE_MINGW_ANSI_STDIO=1 -DFD_SETSIZE=2048 -D_WIN32_WINNT=0x0600 -D__MINGW_USE_VC2005_COMPAT -D_FILE_OFFSET_BITS=64  -O3 -fno-fast-math -fstack-protector-strong -fstack-protector-strong -D_FORTIFY_SOURCE=2 conftest.c  -L. -LC:/Ruby31-x64/lib -L. -pipe -s -fstack-protector-strong -Wl,--no-as-needed -fstack-protector-strong -l:libssp.a  -m64  -lssp  -lx64-ucrt-ruby310 -LC:/Ruby31-x64/msys64/ucrt64/bin/../lib -lssl -lcrypto -lshell32 -lws2_32 -liphlpapi -limagehlp -lshlwapi -lbcrypt  "
checked program was:
/* begin */
1: #include "ruby.h"
2: 
3: #include <winsock2.h>
4: #include <windows.h>
5: int main(int argc, char **argv)
6: {
7:   return !!argv[argc];
8: }
/* end */

PATH=".;C:/Ruby31-x64/lib;C:\Ruby31-x64\bin;C:\Ruby31-x64\msys64\ucrt64\bin;C:\Ruby31-x64\msys64\usr\bin;C:\Program Files\Git\mingw64\bin;C:\Program Files\Git\usr\bin;C:\Users\kuniy\bin;C:\windows\system32;C:\windows;C:\windows\System32\Wbem;C:\windows\System32\WindowsPowerShell\v1.0;C:\windows\System32\OpenSSH;C:\Program Files\Git\cmd;%NVM_HOME%;%NVM_SYMLINK%;C:\Ruby31-x64\bin;C:\Users\kuniy\AppData\Local\Microsoft\WindowsApps;C:\Users\kuniy\AppData\Local\Programs\Microsoft VS Code\bin;C:\Users\kuniy\AppData\Local\Programs\cursor\resources\app\bin;C:\Users\kuniy\AppData\Local\nvm;C:\nvm4w\nodejs;C:\Users\kuniy\AppData\Local\Programs\DockerDesktop\resources\bin" x86_64-w64-mingw32-pkg-config --cflags-only-I openssl |
=> "-IC:/Ruby31-x64/msys64/ucrt64/bin/../include \n"
PATH=".;C:/Ruby31-x64/lib;C:\Ruby31-x64\bin;C:\Ruby31-x64\msys64\ucrt64\bin;C:\Ruby31-x64\msys64\usr\bin;C:\Program Files\Git\mingw64\bin;C:\Program Files\Git\usr\bin;C:\Users\kuniy\bin;C:\windows\system32;C:\windows;C:\windows\System32\Wbem;C:\windows\System32\WindowsPowerShell\v1.0;C:\windows\System32\OpenSSH;C:\Program Files\Git\cmd;%NVM_HOME%;%NVM_SYMLINK%;C:\Ruby31-x64\bin;C:\Users\kuniy\AppData\Local\Microsoft\WindowsApps;C:\Users\kuniy\AppData\Local\Programs\Microsoft VS Code\bin;C:\Users\kuniy\AppData\Local\Programs\cursor\resources\app\bin;C:\Users\kuniy\AppData\Local\nvm;C:\nvm4w\nodejs;C:\Users\kuniy\AppData\Local\Programs\DockerDesktop\resources\bin" x86_64-w64-mingw32-pkg-config --cflags-only-other openssl |
=> "\n"
PATH=".;C:/Ruby31-x64/lib;C:\Ruby31-x64\bin;C:\Ruby31-x64\msys64\ucrt64\bin;C:\Ruby31-x64\msys64\usr\bin;C:\Program Files\Git\mingw64\bin;C:\Program Files\Git\usr\bin;C:\Users\kuniy\bin;C:\windows\system32;C:\windows;C:\windows\System32\Wbem;C:\windows\System32\WindowsPowerShell\v1.0;C:\windows\System32\OpenSSH;C:\Program Files\Git\cmd;%NVM_HOME%;%NVM_SYMLINK%;C:\Ruby31-x64\bin;C:\Users\kuniy\AppData\Local\Microsoft\WindowsApps;C:\Users\kuniy\AppData\Local\Programs\Microsoft VS Code\bin;C:\Users\kuniy\AppData\Local\Programs\cursor\resources\app\bin;C:\Users\kuniy\AppData\Local\nvm;C:\nvm4w\nodejs;C:\Users\kuniy\AppData\Local\Programs\DockerDesktop\resources\bin" x86_64-w64-mingw32-pkg-config --libs-only-l openssl |
=> "-lssl -lcrypto \n"
package configuration for openssl
incflags: -IC:/Ruby31-x64/msys64/ucrt64/bin/../include
cflags: 
ldflags: -LC:/Ruby31-x64/msys64/ucrt64/bin/../lib
libs: -lssl -lcrypto

have_header: checking for openssl/bio.h... -------------------- yes

PATH=".;C:/Ruby31-x64/lib;C:\Ruby31-x64\bin;C:\Ruby31-x64\msys64\ucrt64\bin;C:\Ruby31-x64\msys64\usr\bin;C:\Program Files\Git\mingw64\bin;C:\Program Files\Git\usr\bin;C:\Users\kuniy\bin;C:\windows\system32;C:\windows;C:\windows\System32\Wbem;C:\windows\System32\WindowsPowerShell\v1.0;C:\windows\System32\OpenSSH;C:\Program Files\Git\cmd;%NVM_HOME%;%NVM_SYMLINK%;C:\Ruby31-x64\bin;C:\Users\kuniy\AppData\Local\Microsoft\WindowsApps;C:\Users\kuniy\AppData\Local\Programs\Microsoft VS Code\bin;C:\Users\kuniy\AppData\Local\Programs\cursor\resources\app\bin;C:\Users\kuniy\AppData\Local\nvm;C:\nvm4w\nodejs;C:\Users\kuniy\AppData\Local\Programs\DockerDesktop\resources\bin" "gcc -IC:/Ruby31-x64/include/ruby-3.1.0/x64-mingw-ucrt -IC:/Ruby31-x64/include/ruby-3.1.0/ruby/backward -IC:/Ruby31-x64/include/ruby-3.1.0 -I. -IC:/Ruby31-x64/msys64/ucrt64/bin/../include -D__USE_MINGW_ANSI_STDIO=1 -DFD_SETSIZE=2048 -D_WIN32_WINNT=0x0600 -D__MINGW_USE_VC2005_COMPAT -D_FILE_OFFSET_BITS=64  -O3 -fno-fast-math -fstack-protector-strong -fstack-protector-strong -D_FORTIFY_SOURCE=2  -m64  -c conftest.c"
checked program was:
/* begin */
1: #include "ruby.h"
2: 
3: #include <winsock2.h>
4: #include <windows.h>
5: #include <openssl/bio.h>
/* end */

--------------------

have_func: checking for DTLS_method() in openssl/ssl.h... -------------------- yes

PATH=".;C:/Ruby31-x64/lib;C:\Ruby31-x64\bin;C:\Ruby31-x64\msys64\ucrt64\bin;C:\Ruby31-x64\msys64\usr\bin;C:\Program Files\Git\mingw64\bin;C:\Program Files\Git\usr\bin;C:\Users\kuniy\bin;C:\windows\system32;C:\windows;C:\windows\System32\Wbem;C:\windows\System32\WindowsPowerShell\v1.0;C:\windows\System32\OpenSSH;C:\Program Files\Git\cmd;%NVM_HOME%;%NVM_SYMLINK%;C:\Ruby31-x64\bin;C:\Users\kuniy\AppData\Local\Microsoft\WindowsApps;C:\Users\kuniy\AppData\Local\Programs\Microsoft VS Code\bin;C:\Users\kuniy\AppData\Local\Programs\cursor\resources\app\bin;C:\Users\kuniy\AppData\Local\nvm;C:\nvm4w\nodejs;C:\Users\kuniy\AppData\Local\Programs\DockerDesktop\resources\bin" "gcc -o conftest.exe -IC:/Ruby31-x64/include/ruby-3.1.0/x64-mingw-ucrt -IC:/Ruby31-x64/include/ruby-3.1.0/ruby/backward -IC:/Ruby31-x64/include/ruby-3.1.0 -I. -IC:/Ruby31-x64/msys64/ucrt64/bin/../include -D__USE_MINGW_ANSI_STDIO=1 -DFD_SETSIZE=2048 -D_WIN32_WINNT=0x0600 -D__MINGW_USE_VC2005_COMPAT -D_FILE_OFFSET_BITS=64  -O3 -fno-fast-math -fstack-protector-strong -fstack-protector-strong -D_FORTIFY_SOURCE=2  conftest.c  -L. -LC:/Ruby31-x64/lib -L. -pipe -s -fstack-protector-strong -Wl,--no-as-needed -fstack-protector-strong -l:libssp.a -LC:/Ruby31-x64/msys64/ucrt64/bin/../lib  -m64  -lssp  -lssl -lcrypto -lx64-ucrt-ruby310 -lssp  -lssl -lcrypto -lshell32 -lws2_32 -liphlpapi -limagehlp -lshlwapi -lbcrypt  "
checked program was:
/* begin */
 1: #include "ruby.h"
 2: 
 3: #include <winsock2.h>
 4: #include <windows.h>
 5: #include <openssl/ssl.h>
 6: 
 7: /*top*/
 8: extern int t(void);
 9: int main(int argc, char **argv)
10: {
11:   if (argc > 1000000) {
12:     int (* volatile tp)(void)=(int (*)(void))&t;
13:     printf("%d", (*tp)());
14:   }
15: 
16:   return !!argv[argc];
17: }
18: int t(void) { void ((*volatile p)()); p = (void ((*)()))DTLS_method; return !p; }
/* end */

--------------------

have_func: checking for TLS_server_method() in openssl/ssl.h... -------------------- yes

PATH=".;C:/Ruby31-x64/lib;C:\Ruby31-x64\bin;C:\Ruby31-x64\msys64\ucrt64\bin;C:\Ruby31-x64\msys64\usr\bin;C:\Program Files\Git\mingw64\bin;C:\Program Files\Git\usr\bin;C:\Users\kuniy\bin;C:\windows\system32;C:\windows;C:\windows\System32\Wbem;C:\windows\System32\WindowsPowerShell\v1.0;C:\windows\System32\OpenSSH;C:\Program Files\Git\cmd;%NVM_HOME%;%NVM_SYMLINK%;C:\Ruby31-x64\bin;C:\Users\kuniy\AppData\Local\Microsoft\WindowsApps;C:\Users\kuniy\AppData\Local\Programs\Microsoft VS Code\bin;C:\Users\kuniy\AppData\Local\Programs\cursor\resources\app\bin;C:\Users\kuniy\AppData\Local\nvm;C:\nvm4w\nodejs;C:\Users\kuniy\AppData\Local\Programs\DockerDesktop\resources\bin" "gcc -o conftest.exe -IC:/Ruby31-x64/include/ruby-3.1.0/x64-mingw-ucrt -IC:/Ruby31-x64/include/ruby-3.1.0/ruby/backward -IC:/Ruby31-x64/include/ruby-3.1.0 -I. -IC:/Ruby31-x64/msys64/ucrt64/bin/../include -D__USE_MINGW_ANSI_STDIO=1 -DFD_SETSIZE=2048 -D_WIN32_WINNT=0x0600 -D__MINGW_USE_VC2005_COMPAT -D_FILE_OFFSET_BITS=64  -O3 -fno-fast-math -fstack-protector-strong -fstack-protector-strong -D_FORTIFY_SOURCE=2  conftest.c  -L. -LC:/Ruby31-x64/lib -L. -pipe -s -fstack-protector-strong -Wl,--no-as-needed -fstack-protector-strong -l:libssp.a -LC:/Ruby31-x64/msys64/ucrt64/bin/../lib  -m64  -lssp  -lssl -lcrypto -lx64-ucrt-ruby310 -lssp  -lssl -lcrypto -lshell32 -lws2_32 -liphlpapi -limagehlp -lshlwapi -lbcrypt  "
checked program was:
/* begin */
 1: #include "ruby.h"
 2: 
 3: #include <winsock2.h>
 4: #include <windows.h>
 5: #include <openssl/ssl.h>
 6: 
 7: /*top*/
 8: extern int t(void);
 9: int main(int argc, char **argv)
10: {
11:   if (argc > 1000000) {
12:     int (* volatile tp)(void)=(int (*)(void))&t;
13:     printf("%d", (*tp)());
14:   }
15: 
16:   return !!argv[argc];
17: }
18: int t(void) { void ((*volatile p)()); p = (void ((*)()))TLS_server_method; return !p; }
/* end */

--------------------

have_func: checking for SSL_CTX_set_min_proto_version(NULL, 0) in openssl/ssl.h... -------------------- yes

PATH=".;C:/Ruby31-x64/lib;C:\Ruby31-x64\bin;C:\Ruby31-x64\msys64\ucrt64\bin;C:\Ruby31-x64\msys64\usr\bin;C:\Program Files\Git\mingw64\bin;C:\Program Files\Git\usr\bin;C:\Users\kuniy\bin;C:\windows\system32;C:\windows;C:\windows\System32\Wbem;C:\windows\System32\WindowsPowerShell\v1.0;C:\windows\System32\OpenSSH;C:\Program Files\Git\cmd;%NVM_HOME%;%NVM_SYMLINK%;C:\Ruby31-x64\bin;C:\Users\kuniy\AppData\Local\Microsoft\WindowsApps;C:\Users\kuniy\AppData\Local\Programs\Microsoft VS Code\bin;C:\Users\kuniy\AppData\Local\Programs\cursor\resources\app\bin;C:\Users\kuniy\AppData\Local\nvm;C:\nvm4w\nodejs;C:\Users\kuniy\AppData\Local\Programs\DockerDesktop\resources\bin" "gcc -o conftest.exe -IC:/Ruby31-x64/include/ruby-3.1.0/x64-mingw-ucrt -IC:/Ruby31-x64/include/ruby-3.1.0/ruby/backward -IC:/Ruby31-x64/include/ruby-3.1.0 -I. -IC:/Ruby31-x64/msys64/ucrt64/bin/../include -D__USE_MINGW_ANSI_STDIO=1 -DFD_SETSIZE=2048 -D_WIN32_WINNT=0x0600 -D__MINGW_USE_VC2005_COMPAT -D_FILE_OFFSET_BITS=64  -O3 -fno-fast-math -fstack-protector-strong -fstack-protector-strong -D_FORTIFY_SOURCE=2  conftest.c  -L. -LC:/Ruby31-x64/lib -L. -pipe -s -fstack-protector-strong -Wl,--no-as-needed -fstack-protector-strong -l:libssp.a -LC:/Ruby31-x64/msys64/ucrt64/bin/../lib  -m64  -lssp  -lssl -lcrypto -lx64-ucrt-ruby310 -lssp  -lssl -lcrypto -lshell32 -lws2_32 -liphlpapi -limagehlp -lshlwapi -lbcrypt  "
checked program was:
/* begin */
 1: #include "ruby.h"
 2: 
 3: #include <winsock2.h>
 4: #include <windows.h>
 5: #include <openssl/ssl.h>
 6: 
 7: /*top*/
 8: extern int t(void);
 9: int main(int argc, char **argv)
10: {
11:   if (argc > 1000000) {
12:     int (* volatile tp)(void)=(int (*)(void))&t;
13:     printf("%d", (*tp)());
14:   }
15: 
16:   return !!argv[argc];
17: }
18: 
19: int t(void) { SSL_CTX_set_min_proto_version(NULL, 0); return 0; }
/* end */

--------------------

have_func: checking for X509_STORE_up_ref()... -------------------- yes

PATH=".;C:/Ruby31-x64/lib;C:\Ruby31-x64\bin;C:\Ruby31-x64\msys64\ucrt64\bin;C:\Ruby31-x64\msys64\usr\bin;C:\Program Files\Git\mingw64\bin;C:\Program Files\Git\usr\bin;C:\Users\kuniy\bin;C:\windows\system32;C:\windows;C:\windows\System32\Wbem;C:\windows\System32\WindowsPowerShell\v1.0;C:\windows\System32\OpenSSH;C:\Program Files\Git\cmd;%NVM_HOME%;%NVM_SYMLINK%;C:\Ruby31-x64\bin;C:\Users\kuniy\AppData\Local\Microsoft\WindowsApps;C:\Users\kuniy\AppData\Local\Programs\Microsoft VS Code\bin;C:\Users\kuniy\AppData\Local\Programs\cursor\resources\app\bin;C:\Users\kuniy\AppData\Local\nvm;C:\nvm4w\nodejs;C:\Users\kuniy\AppData\Local\Programs\DockerDesktop\resources\bin" "gcc -o conftest.exe -IC:/Ruby31-x64/include/ruby-3.1.0/x64-mingw-ucrt -IC:/Ruby31-x64/include/ruby-3.1.0/ruby/backward -IC:/Ruby31-x64/include/ruby-3.1.0 -I. -IC:/Ruby31-x64/msys64/ucrt64/bin/../include -D__USE_MINGW_ANSI_STDIO=1 -DFD_SETSIZE=2048 -D_WIN32_WINNT=0x0600 -D__MINGW_USE_VC2005_COMPAT -D_FILE_OFFSET_BITS=64  -O3 -fno-fast-math -fstack-protector-strong -fstack-protector-strong -D_FORTIFY_SOURCE=2  conftest.c  -L. -LC:/Ruby31-x64/lib -L. -pipe -s -fstack-protector-strong -Wl,--no-as-needed -fstack-protector-strong -l:libssp.a -LC:/Ruby31-x64/msys64/ucrt64/bin/../lib  -m64  -lssp  -lssl -lcrypto -lx64-ucrt-ruby310 -lssp  -lssl -lcrypto -lshell32 -lws2_32 -liphlpapi -limagehlp -lshlwapi -lbcrypt  "
conftest.c: In function 't':
conftest.c:17:57: error: 'X509_STORE_up_ref' undeclared (first use in this function)
   17 | int t(void) { void ((*volatile p)()); p = (void ((*)()))X509_STORE_up_ref; return !p; }
      |                                                         ^~~~~~~~~~~~~~~~~
conftest.c:17:57: note: each undeclared identifier is reported only once for each function it appears in
checked program was:
/* begin */
 1: #include "ruby.h"
 2: 
 3: #include <winsock2.h>
 4: #include <windows.h>
 5: 
 6: /*top*/
 7: extern int t(void);
 8: int main(int argc, char **argv)
 9: {
10:   if (argc > 1000000) {
11:     int (* volatile tp)(void)=(int (*)(void))&t;
12:     printf("%d", (*tp)());
13:   }
14: 
15:   return !!argv[argc];
16: }
17: int t(void) { void ((*volatile p)()); p = (void ((*)()))X509_STORE_up_ref; return !p; }
/* end */

PATH=".;C:/Ruby31-x64/lib;C:\Ruby31-x64\bin;C:\Ruby31-x64\msys64\ucrt64\bin;C:\Ruby31-x64\msys64\usr\bin;C:\Program Files\Git\mingw64\bin;C:\Program Files\Git\usr\bin;C:\Users\kuniy\bin;C:\windows\system32;C:\windows;C:\windows\System32\Wbem;C:\windows\System32\WindowsPowerShell\v1.0;C:\windows\System32\OpenSSH;C:\Program Files\Git\cmd;%NVM_HOME%;%NVM_SYMLINK%;C:\Ruby31-x64\bin;C:\Users\kuniy\AppData\Local\Microsoft\WindowsApps;C:\Users\kuniy\AppData\Local\Programs\Microsoft VS Code\bin;C:\Users\kuniy\AppData\Local\Programs\cursor\resources\app\bin;C:\Users\kuniy\AppData\Local\nvm;C:\nvm4w\nodejs;C:\Users\kuniy\AppData\Local\Programs\DockerDesktop\resources\bin" "gcc -o conftest.exe -IC:/Ruby31-x64/include/ruby-3.1.0/x64-mingw-ucrt -IC:/Ruby31-x64/include/ruby-3.1.0/ruby/backward -IC:/Ruby31-x64/include/ruby-3.1.0 -I. -IC:/Ruby31-x64/msys64/ucrt64/bin/../include -D__USE_MINGW_ANSI_STDIO=1 -DFD_SETSIZE=2048 -D_WIN32_WINNT=0x0600 -D__MINGW_USE_VC2005_COMPAT -D_FILE_OFFSET_BITS=64  -O3 -fno-fast-math -fstack-protector-strong -fstack-protector-strong -D_FORTIFY_SOURCE=2  conftest.c  -L. -LC:/Ruby31-x64/lib -L. -pipe -s -fstack-protector-strong -Wl,--no-as-needed -fstack-protector-strong -l:libssp.a -LC:/Ruby31-x64/msys64/ucrt64/bin/../lib  -m64  -lssp  -lssl -lcrypto -lx64-ucrt-ruby310 -lssp  -lssl -lcrypto -lshell32 -lws2_32 -liphlpapi -limagehlp -lshlwapi -lbcrypt  "
checked program was:
/* begin */
 1: #include "ruby.h"
 2: 
 3: #include <winsock2.h>
 4: #include <windows.h>
 5: 
 6: /*top*/
 7: extern int t(void);
 8: int main(int argc, char **argv)
 9: {
10:   if (argc > 1000000) {
11:     int (* volatile tp)(void)=(int (*)(void))&t;
12:     printf("%d", (*tp)());
13:   }
14: 
15:   return !!argv[argc];
16: }
17: extern void X509_STORE_up_ref();
18: int t(void) { X509_STORE_up_ref(); return 0; }
/* end */

--------------------

have_func: checking for SSL_CTX_set_ecdh_auto(NULL, 0) in openssl/ssl.h... -------------------- yes

PATH=".;C:/Ruby31-x64/lib;C:\Ruby31-x64\bin;C:\Ruby31-x64\msys64\ucrt64\bin;C:\Ruby31-x64\msys64\usr\bin;C:\Program Files\Git\mingw64\bin;C:\Program Files\Git\usr\bin;C:\Users\kuniy\bin;C:\windows\system32;C:\windows;C:\windows\System32\Wbem;C:\windows\System32\WindowsPowerShell\v1.0;C:\windows\System32\OpenSSH;C:\Program Files\Git\cmd;%NVM_HOME%;%NVM_SYMLINK%;C:\Ruby31-x64\bin;C:\Users\kuniy\AppData\Local\Microsoft\WindowsApps;C:\Users\kuniy\AppData\Local\Programs\Microsoft VS Code\bin;C:\Users\kuniy\AppData\Local\Programs\cursor\resources\app\bin;C:\Users\kuniy\AppData\Local\nvm;C:\nvm4w\nodejs;C:\Users\kuniy\AppData\Local\Programs\DockerDesktop\resources\bin" "gcc -o conftest.exe -IC:/Ruby31-x64/include/ruby-3.1.0/x64-mingw-ucrt -IC:/Ruby31-x64/include/ruby-3.1.0/ruby/backward -IC:/Ruby31-x64/include/ruby-3.1.0 -I. -IC:/Ruby31-x64/msys64/ucrt64/bin/../include -D__USE_MINGW_ANSI_STDIO=1 -DFD_SETSIZE=2048 -D_WIN32_WINNT=0x0600 -D__MINGW_USE_VC2005_COMPAT -D_FILE_OFFSET_BITS=64  -O3 -fno-fast-math -fstack-protector-strong -fstack-protector-strong -D_FORTIFY_SOURCE=2  conftest.c  -L. -LC:/Ruby31-x64/lib -L. -pipe -s -fstack-protector-strong -Wl,--no-as-needed -fstack-protector-strong -l:libssp.a -LC:/Ruby31-x64/msys64/ucrt64/bin/../lib  -m64  -lssp  -lssl -lcrypto -lx64-ucrt-ruby310 -lssp  -lssl -lcrypto -lshell32 -lws2_32 -liphlpapi -limagehlp -lshlwapi -lbcrypt  "
checked program was:
/* begin */
 1: #include "ruby.h"
 2: 
 3: #include <winsock2.h>
 4: #include <windows.h>
 5: #include <openssl/ssl.h>
 6: 
 7: /*top*/
 8: extern int t(void);
 9: int main(int argc, char **argv)
10: {
11:   if (argc > 1000000) {
12:     int (* volatile tp)(void)=(int (*)(void))&t;
13:     printf("%d", (*tp)());
14:   }
15: 
16:   return !!argv[argc];
17: }
18: 
19: int t(void) { SSL_CTX_set_ecdh_auto(NULL, 0); return 0; }
/* end */

--------------------

have_func: checking for SSL_CTX_set_dh_auto(NULL, 0) in openssl/ssl.h... -------------------- yes

PATH=".;C:/Ruby31-x64/lib;C:\Ruby31-x64\bin;C:\Ruby31-x64\msys64\ucrt64\bin;C:\Ruby31-x64\msys64\usr\bin;C:\Program Files\Git\mingw64\bin;C:\Program Files\Git\usr\bin;C:\Users\kuniy\bin;C:\windows\system32;C:\windows;C:\windows\System32\Wbem;C:\windows\System32\WindowsPowerShell\v1.0;C:\windows\System32\OpenSSH;C:\Program Files\Git\cmd;%NVM_HOME%;%NVM_SYMLINK%;C:\Ruby31-x64\bin;C:\Users\kuniy\AppData\Local\Microsoft\WindowsApps;C:\Users\kuniy\AppData\Local\Programs\Microsoft VS Code\bin;C:\Users\kuniy\AppData\Local\Programs\cursor\resources\app\bin;C:\Users\kuniy\AppData\Local\nvm;C:\nvm4w\nodejs;C:\Users\kuniy\AppData\Local\Programs\DockerDesktop\resources\bin" "gcc -o conftest.exe -IC:/Ruby31-x64/include/ruby-3.1.0/x64-mingw-ucrt -IC:/Ruby31-x64/include/ruby-3.1.0/ruby/backward -IC:/Ruby31-x64/include/ruby-3.1.0 -I. -IC:/Ruby31-x64/msys64/ucrt64/bin/../include -D__USE_MINGW_ANSI_STDIO=1 -DFD_SETSIZE=2048 -D_WIN32_WINNT=0x0600 -D__MINGW_USE_VC2005_COMPAT -D_FILE_OFFSET_BITS=64  -O3 -fno-fast-math -fstack-protector-strong -fstack-protector-strong -D_FORTIFY_SOURCE=2  conftest.c  -L. -LC:/Ruby31-x64/lib -L. -pipe -s -fstack-protector-strong -Wl,--no-as-needed -fstack-protector-strong -l:libssp.a -LC:/Ruby31-x64/msys64/ucrt64/bin/../lib  -m64  -lssp  -lssl -lcrypto -lx64-ucrt-ruby310 -lssp  -lssl -lcrypto -lshell32 -lws2_32 -liphlpapi -limagehlp -lshlwapi -lbcrypt  "
checked program was:
/* begin */
 1: #include "ruby.h"
 2: 
 3: #include <winsock2.h>
 4: #include <windows.h>
 5: #include <openssl/ssl.h>
 6: 
 7: /*top*/
 8: extern int t(void);
 9: int main(int argc, char **argv)
10: {
11:   if (argc > 1000000) {
12:     int (* volatile tp)(void)=(int (*)(void))&t;
13:     printf("%d", (*tp)());
14:   }
15: 
16:   return !!argv[argc];
17: }
18: 
19: int t(void) { SSL_CTX_set_dh_auto(NULL, 0); return 0; }
/* end */

--------------------

have_func: checking for SSL_get1_peer_certificate() in openssl/ssl.h... -------------------- no

PATH=".;C:/Ruby31-x64/lib;C:\Ruby31-x64\bin;C:\Ruby31-x64\msys64\ucrt64\bin;C:\Ruby31-x64\msys64\usr\bin;C:\Program Files\Git\mingw64\bin;C:\Program Files\Git\usr\bin;C:\Users\kuniy\bin;C:\windows\system32;C:\windows;C:\windows\System32\Wbem;C:\windows\System32\WindowsPowerShell\v1.0;C:\windows\System32\OpenSSH;C:\Program Files\Git\cmd;%NVM_HOME%;%NVM_SYMLINK%;C:\Ruby31-x64\bin;C:\Users\kuniy\AppData\Local\Microsoft\WindowsApps;C:\Users\kuniy\AppData\Local\Programs\Microsoft VS Code\bin;C:\Users\kuniy\AppData\Local\Programs\cursor\resources\app\bin;C:\Users\kuniy\AppData\Local\nvm;C:\nvm4w\nodejs;C:\Users\kuniy\AppData\Local\Programs\DockerDesktop\resources\bin" "gcc -o conftest.exe -IC:/Ruby31-x64/include/ruby-3.1.0/x64-mingw-ucrt -IC:/Ruby31-x64/include/ruby-3.1.0/ruby/backward -IC:/Ruby31-x64/include/ruby-3.1.0 -I. -IC:/Ruby31-x64/msys64/ucrt64/bin/../include -D__USE_MINGW_ANSI_STDIO=1 -DFD_SETSIZE=2048 -D_WIN32_WINNT=0x0600 -D__MINGW_USE_VC2005_COMPAT -D_FILE_OFFSET_BITS=64  -O3 -fno-fast-math -fstack-protector-strong -fstack-protector-strong -D_FORTIFY_SOURCE=2  conftest.c  -L. -LC:/Ruby31-x64/lib -L. -pipe -s -fstack-protector-strong -Wl,--no-as-needed -fstack-protector-strong -l:libssp.a -LC:/Ruby31-x64/msys64/ucrt64/bin/../lib  -m64  -lssp  -lssl -lcrypto -lx64-ucrt-ruby310 -lssp  -lssl -lcrypto -lshell32 -lws2_32 -liphlpapi -limagehlp -lshlwapi -lbcrypt  "
conftest.c: In function 't':
conftest.c:18:57: error: 'SSL_get1_peer_certificate' undeclared (first use in this function); did you mean 'SSL_get_peer_certificate'?
   18 | int t(void) { void ((*volatile p)()); p = (void ((*)()))SSL_get1_peer_certificate; return !p; }
      |                                                         ^~~~~~~~~~~~~~~~~~~~~~~~~
      |                                                         SSL_get_peer_certificate
conftest.c:18:57: note: each undeclared identifier is reported only once for each function it appears in
checked program was:
/* begin */
 1: #include "ruby.h"
 2: 
 3: #include <winsock2.h>
 4: #include <windows.h>
 5: #include <openssl/ssl.h>
 6: 
 7: /*top*/
 8: extern int t(void);
 9: int main(int argc, char **argv)
10: {
11:   if (argc > 1000000) {
12:     int (* volatile tp)(void)=(int (*)(void))&t;
13:     printf("%d", (*tp)());
14:   }
15: 
16:   return !!argv[argc];
17: }
18: int t(void) { void ((*volatile p)()); p = (void ((*)()))SSL_get1_peer_certificate; return !p; }
/* end */

PATH=".;C:/Ruby31-x64/lib;C:\Ruby31-x64\bin;C:\Ruby31-x64\msys64\ucrt64\bin;C:\Ruby31-x64\msys64\usr\bin;C:\Program Files\Git\mingw64\bin;C:\Program Files\Git\usr\bin;C:\Users\kuniy\bin;C:\windows\system32;C:\windows;C:\windows\System32\Wbem;C:\windows\System32\WindowsPowerShell\v1.0;C:\windows\System32\OpenSSH;C:\Program Files\Git\cmd;%NVM_HOME%;%NVM_SYMLINK%;C:\Ruby31-x64\bin;C:\Users\kuniy\AppData\Local\Microsoft\WindowsApps;C:\Users\kuniy\AppData\Local\Programs\Microsoft VS Code\bin;C:\Users\kuniy\AppData\Local\Programs\cursor\resources\app\bin;C:\Users\kuniy\AppData\Local\nvm;C:\nvm4w\nodejs;C:\Users\kuniy\AppData\Local\Programs\DockerDesktop\resources\bin" "gcc -o conftest.exe -IC:/Ruby31-x64/include/ruby-3.1.0/x64-mingw-ucrt -IC:/Ruby31-x64/include/ruby-3.1.0/ruby/backward -IC:/Ruby31-x64/include/ruby-3.1.0 -I. -IC:/Ruby31-x64/msys64/ucrt64/bin/../include -D__USE_MINGW_ANSI_STDIO=1 -DFD_SETSIZE=2048 -D_WIN32_WINNT=0x0600 -D__MINGW_USE_VC2005_COMPAT -D_FILE_OFFSET_BITS=64  -O3 -fno-fast-math -fstack-protector-strong -fstack-protector-strong -D_FORTIFY_SOURCE=2  conftest.c  -L. -LC:/Ruby31-x64/lib -L. -pipe -s -fstack-protector-strong -Wl,--no-as-needed -fstack-protector-strong -l:libssp.a -LC:/Ruby31-x64/msys64/ucrt64/bin/../lib  -m64  -lssp  -lssl -lcrypto -lx64-ucrt-ruby310 -lssp  -lssl -lcrypto -lshell32 -lws2_32 -liphlpapi -limagehlp -lshlwapi -lbcrypt  "
C:/Ruby31-x64/msys64/ucrt64/bin/../lib/gcc/x86_64-w64-mingw32/12.2.0/../../../../x86_64-w64-mingw32/bin/ld.exe: C:\Users\kuniy\AppData\Local\Temp\cc6V2RxY.o:conftest.c:(.text+0x5): undefined reference to `SSL_get1_peer_certificate'
collect2.exe: error: ld returned 1 exit status
checked program was:
/* begin */
 1: #include "ruby.h"
 2: 
 3: #include <winsock2.h>
 4: #include <windows.h>
 5: #include <openssl/ssl.h>
 6: 
 7: /*top*/
 8: extern int t(void);
 9: int main(int argc, char **argv)
10: {
11:   if (argc > 1000000) {
12:     int (* volatile tp)(void)=(int (*)(void))&t;
13:     printf("%d", (*tp)());
14:   }
15: 
16:   return !!argv[argc];
17: }
18: extern void SSL_get1_peer_certificate();
19: int t(void) { SSL_get1_peer_certificate(); return 0; }
/* end */

--------------------

